 <<< Combine >>> 
 <<< v10.3.0 >>>
>>> Random number generator seed is 123456
>>> Method used is MultiDimFit
Set Range of Parameter r To : (-1,1)
Doing initial fit: 

 --- MultiDimFit ---
best fit parameter values and profile-likelihood uncertainties: 
   r :    +0.619   -0.601/+0.381 (68%)
